A51 MACRO ASSEMBLER  PAOMADENG                                                            11/16/2019 10:25:44 PAGE     1


MACRO ASSEMBLER A51 V8.01
OBJECT MODULE PLACED IN paomadeng.OBJ
ASSEMBLER INVOKED BY: C:\Keil\C51\BIN\A51.EXE paomadeng.ASM SET(SMALL) DEBUG EP

LOC  OBJ            LINE     SOURCE

0000                   1              ORG 0000H
0000 74FE              2     MAIN:MOV A,#0FEH
0002 F590              3     LOOP:MOV P1,A
0004 1109              4              ACALL DELAY
0006 23                5              RL A
0007 80F9              6              SJMP LOOP
0009 7EFF              7     DELAY:MOV R6,#0FFH
000B 7FFF              8     DEL0: MOV R7,#0FFH
000D 00                9     DEL1:NOP
000E 00               10          NOP
000F DFFC             11              DJNZ R7,DEL1
0011 DEF8             12              DJNZ R6,DEL0
0013 22               13              RET
                      14              END
A51 MACRO ASSEMBLER  PAOMADENG                                                            11/16/2019 10:25:44 PAGE     2

SYMBOL TABLE LISTING
------ ----- -------


N A M E             T Y P E  V A L U E   ATTRIBUTES

DEL0 . . . . . . .  C ADDR   000BH   A   
DEL1 . . . . . . .  C ADDR   000DH   A   
DELAY. . . . . . .  C ADDR   0009H   A   
LOOP . . . . . . .  C ADDR   0002H   A   
MAIN . . . . . . .  C ADDR   0000H   A   
P1 . . . . . . . .  D ADDR   0090H   A   


REGISTER BANK(S) USED: 0 


ASSEMBLY COMPLETE.  0 WARNING(S), 0 ERROR(S)
