C51 COMPILER V9.00   SERIAL                                                                03/23/2019 21:44:35 PAGE 1   


C51 COMPILER V9.00, COMPILATION OF MODULE SERIAL
OBJECT MODULE PLACED IN Serial.OBJ
COMPILER INVOKED BY: C:\Keil00\C51\BIN\C51.EXE Serial.c BROWSE DEBUG OBJECTEXTEND

line level    source

   1          #include<reg52.h>
   2          #define uint unsigned int
   3          #define uchar unsigned char
   4          #include<intrins.h>
   5          void display(uchar table[])
   6          {
   7   1       uchar m;
   8   1       uint i,j;
   9   1       for(m=0;m<10;m++)
  10   1       {
  11   2        P0=table[m];
  12   2        for(i=0;i<1000;i++)
  13   2           for(j=0;j<110;j++);}
  14   1      }
  15          void main()
  16          {
  17   1       void delay(uint); 
  18   1       uchar table[]={0x3f,0x06,0x5b,0x4f,0x66,0x6d,0x7d,0x07,0x7f,0x6f};
  19   1       display(table);
  20   1       P0=0x00;
  21   1       while(1)
  22   1       {uint i;
  23   2       uchar cc,aa=0xfe,bb=0x7f;
  24   2       cc=aa;
  25   2       for(i=0;i<8;i++)
  26   2       {P1=aa;
  27   3       delay(500);
  28   3       aa=_crol_(aa,1);}
  29   2       P1=0x00;
  30   2       delay(1000);
  31   2       P1=0xff;
  32   2       delay(1000);
  33   2       P1=0xaa;
  34   2       delay(1000);
  35   2       P1=0x55;
  36   2       delay(1000);
  37   2       for(i=0;i<8;i++)
  38   2       {P1=bb;
  39   3       delay(1000);
  40   3       bb=bb>>1;}
  41   2       for(i=0;i<8;i++)
  42   2       {P1=cc;
  43   3       delay(500);
  44   3       cc=cc<<1;}
  45   2       for(i=0;i<3;i++)
  46   2       {P1=0x00;
  47   3       delay(300);
  48   3       P1=0xff;
  49   3       delay(300);
  50   3       P1=0xf0;
  51   3       delay(300);
  52   3       P1=0x0f;
  53   3       delay(300);}
  54   2       }
  55   1      }
C51 COMPILER V9.00   SERIAL                                                                03/23/2019 21:44:35 PAGE 2   

  56          void delay(uint xms)
  57          {
  58   1       uint i,j;
  59   1       for(i=xms;i>0;i--)
  60   1          for(j=110;j>0;j--);
  61   1      }


MODULE INFORMATION:   STATIC OVERLAYABLE
   CODE SIZE        =    341    ----
   CONSTANT SIZE    =     10    ----
   XDATA SIZE       =   ----    ----
   PDATA SIZE       =   ----    ----
   DATA SIZE        =   ----      18
   IDATA SIZE       =   ----    ----
   BIT SIZE         =   ----    ----
END OF MODULE INFORMATION.


C51 COMPILATION COMPLETE.  0 WARNING(S),  0 ERROR(S)
