C51 COMPILER V9.00   _CROL_                                                                01/17/2020 21:46:46 PAGE 1   


C51 COMPILER V9.00, COMPILATION OF MODULE _CROL_
OBJECT MODULE PLACED IN _crol_.OBJ
COMPILER INVOKED BY: C:\Keil\C51\BIN\C51.EXE _crol_.c BROWSE DEBUG OBJECTEXTEND

line level    source

   1          #include<reg52.h>
   2          #include<intrins.h>
   3          #define uchar unsigned char
   4          #define uint unsigned int
   5          void delay(uint x)
   6          {
   7   1       uint i,j;
   8   1       for(i=x;i>0;i--)
   9   1         for(j=110;j>0;j--);
  10   1         }
  11          void main()
  12          {
  13   1       uchar m;
  14   1        m=0xfe;
  15   1       while(1)
  16   1       {
  17   2        P1=m;
  18   2        delay(500);
  19   2        m=_crol_(m,1);
  20   2        }
  21   1       }


MODULE INFORMATION:   STATIC OVERLAYABLE
   CODE SIZE        =     55    ----
   CONSTANT SIZE    =   ----    ----
   XDATA SIZE       =   ----    ----
   PDATA SIZE       =   ----    ----
   DATA SIZE        =   ----    ----
   IDATA SIZE       =   ----    ----
   BIT SIZE         =   ----    ----
END OF MODULE INFORMATION.


C51 COMPILATION COMPLETE.  0 WARNING(S),  0 ERROR(S)
