A51 MACRO ASSEMBLER  XUNHUAN                                                              02/12/2020 16:02:25 PAGE     1


MACRO ASSEMBLER A51 V8.01
OBJECT MODULE PLACED IN xunhuan.OBJ
ASSEMBLER INVOKED BY: C:\Keil\C51\BIN\A51.EXE xunhuan.ASM SET(SMALL) DEBUG EP

LOC  OBJ            LINE     SOURCE

0000                   1           ORG 0000H
0000 2100              2               AJMP MOOD
0100                   3               ORG 0100H
0100 758130            4      MOOD:MOV SP,#30H
0103 74FE              5      MAIN:MOV A,#0FEH       ;≥ı ºªØ—≠ª∑–°µ∆
0105 7B01              6           MOV R3,#01H           ;≥ı ºªØ…¡À∏¥Œ 
0107 7F01              7               MOV  R7,#1
0109 F590              8     START:MOV P1,A      ;ø™ º—≠ª∑
010B 120123            9           LCALL DELAY   ;µ˜”√—” ±≥Ã–Ú
010E 7590FF           10               MOV P1,#0FFH
0111 120123           11               LCALL DELAY
0114 DBF3             12               DJNZ R3,START
0116 23               13      NEXT:RL A
0117 0F               14           INC R7
0118 8F40             15               MOV 40H,R7
011A AB40             16           MOV R3,40H
011C BF0902           17               CJNE R7,#09H,LOOP
011F 80E2             18               SJMP MAIN
0121 80E6             19      LOOP:SJMP START
0123 7E2C             20     DELAY:MOV R6,#44
0125 7D2D             21      DEL0:MOV R5,#45
0127 7C2E             22      DEL1:MOV R4,#46
0129 00               23      DEL2:NOP
012A 00               24           NOP
012B 00               25               NOP
012C DCFB             26           DJNZ R4,DEL2
012E DDF7             27               DJNZ R5,DEL1
0130 DEF3             28               DJNZ R6,DEL0
0132 22               29               RET
                      30               END
A51 MACRO ASSEMBLER  XUNHUAN                                                              02/12/2020 16:02:25 PAGE     2

SYMBOL TABLE LISTING
------ ----- -------


N A M E             T Y P E  V A L U E   ATTRIBUTES

DEL0 . . . . . . .  C ADDR   0125H   A   
DEL1 . . . . . . .  C ADDR   0127H   A   
DEL2 . . . . . . .  C ADDR   0129H   A   
DELAY. . . . . . .  C ADDR   0123H   A   
LOOP . . . . . . .  C ADDR   0121H   A   
MAIN . . . . . . .  C ADDR   0103H   A   
MOOD . . . . . . .  C ADDR   0100H   A   
NEXT . . . . . . .  C ADDR   0116H   A   
P1 . . . . . . . .  D ADDR   0090H   A   
SP . . . . . . . .  D ADDR   0081H   A   
START. . . . . . .  C ADDR   0109H   A   


REGISTER BANK(S) USED: 0 


ASSEMBLY COMPLETE.  0 WARNING(S), 0 ERROR(S)
