A51 MACRO ASSEMBLER  HUIBIAN                                                              11/09/2019 22:52:32 PAGE     1


MACRO ASSEMBLER A51 V8.01
OBJECT MODULE PLACED IN huibian.OBJ
ASSEMBLER INVOKED BY: C:\Keil\C51\BIN\A51.EXE huibian.ASM SET(SMALL) DEBUG EP

LOC  OBJ            LINE     SOURCE

0000                   1               ORG 0000H
0000 7908              2     START:MOV R1,#8
0002 74FE              3           MOV A,#0fEH
0004 F590              4      LOOP:MOV P1,A
0006 1110              5               ACALL DELAY
0008 C3                6               CLR C
0009 33                7               RLC A
000A F590              8               MOV P1,A
000C D9F6              9               DJNZ R1,LOOP
000E 80F0             10               SJMP START
0010 7D02             11     DELAY:MOV R5,#2
0012 7EFF             12           MOV R6,#0FFH
0014 7FFF             13      DEL0:MOV R7,#0FFH
0016 00               14      DEL1:NOP
0017 00               15           NOP
0018 DFFC             16               DJNZ R7,DEL1
001A DEF8             17               DJNZ R6,DEL0
001C DDF8             18               DJNZ R5,DEL1
001E 22               19               RET
                      20               END
A51 MACRO ASSEMBLER  HUIBIAN                                                              11/09/2019 22:52:32 PAGE     2

SYMBOL TABLE LISTING
------ ----- -------


N A M E             T Y P E  V A L U E   ATTRIBUTES

DEL0 . . . . . . .  C ADDR   0014H   A   
DEL1 . . . . . . .  C ADDR   0016H   A   
DELAY. . . . . . .  C ADDR   0010H   A   
LOOP . . . . . . .  C ADDR   0004H   A   
P1 . . . . . . . .  D ADDR   0090H   A   
START. . . . . . .  C ADDR   0000H   A   


REGISTER BANK(S) USED: 0 


ASSEMBLY COMPLETE.  0 WARNING(S), 0 ERROR(S)
